  Determinando os projetos a serem restaurados...
  Todos os projetos est├úo atualizados para restaura├º├úo.
  OrgCore.Domain -> C:\Users\74840\Desktop\orgcore\OrgCore\OrgCore.Domain\bin\Debug\net8.0\OrgCore.Domain.dll
  OrgCore.Infrastructure -> C:\Users\74840\Desktop\orgcore\OrgCore\OrgCore.Infrastructure\bin\Debug\net8.0\OrgCore.Infrastructure.dll
  OrgCore.Application -> C:\Users\74840\Desktop\orgcore\OrgCore\OrgCore.Application\bin\Debug\net8.0\OrgCore.Application.dll
C:\Users\74840\Desktop\orgcore\OrgCore\OrgCore.Tests\Application\PessoaServiceTests.cs(30,66): error CS1503: Argumento 1: n├úo ├® poss├¡vel converter de "System.Threading.Tasks.Task" para "System.Threading.Tasks.Task<bool>" [C:\Users\74840\Desktop\orgcore\OrgCore\OrgCore.Tests\OrgCore.Tests.csproj]
C:\Users\74840\Desktop\orgcore\OrgCore\OrgCore.Tests\Domain\PessoaTests.cs(25,21): warning xUnit1012: Null should not be used for type parameter 'nome' of type 'string'. Use a non-null value, or convert the parameter to a nullable type. (https://xunit.net/xunit.analyzers/rules/xUnit1012) [C:\Users\74840\Desktop\orgcore\OrgCore\OrgCore.Tests\OrgCore.Tests.csproj]
C:\Users\74840\Desktop\orgcore\OrgCore\OrgCore.Tests\Domain\PessoaTests.cs(27,29): warning xUnit1012: Null should not be used for type parameter 'email' of type 'string'. Use a non-null value, or convert the parameter to a nullable type. (https://xunit.net/xunit.analyzers/rules/xUnit1012) [C:\Users\74840\Desktop\orgcore\OrgCore\OrgCore.Tests\OrgCore.Tests.csproj]

FALHA da compila├º├úo.

C:\Users\74840\Desktop\orgcore\OrgCore\OrgCore.Tests\Domain\PessoaTests.cs(25,21): warning xUnit1012: Null should not be used for type parameter 'nome' of type 'string'. Use a non-null value, or convert the parameter to a nullable type. (https://xunit.net/xunit.analyzers/rules/xUnit1012) [C:\Users\74840\Desktop\orgcore\OrgCore\OrgCore.Tests\OrgCore.Tests.csproj]
C:\Users\74840\Desktop\orgcore\OrgCore\OrgCore.Tests\Domain\PessoaTests.cs(27,29): warning xUnit1012: Null should not be used for type parameter 'email' of type 'string'. Use a non-null value, or convert the parameter to a nullable type. (https://xunit.net/xunit.analyzers/rules/xUnit1012) [C:\Users\74840\Desktop\orgcore\OrgCore\OrgCore.Tests\OrgCore.Tests.csproj]
C:\Users\74840\Desktop\orgcore\OrgCore\OrgCore.Tests\Application\PessoaServiceTests.cs(30,66): error CS1503: Argumento 1: n├úo ├® poss├¡vel converter de "System.Threading.Tasks.Task" para "System.Threading.Tasks.Task<bool>" [C:\Users\74840\Desktop\orgcore\OrgCore\OrgCore.Tests\OrgCore.Tests.csproj]
    2 Aviso(s)
    1 Erro(s)

Tempo Decorrido 00:00:01.43

As atualiza├º├Áes de carga de trabalho est├úo dispon├¡veis. Execute `dotnet workload list` para obter mais informa├º├Áes.
